// Jest Snapshot v1, https://goo.gl/fbAQLP

exports[`Progress bar has progress bar structure 1`] = `
<div
  className="widget-progress-bar progress-bar-medium"
>
  <div
    className="progress widget-progress-bar-clickable"
    onClick={[MockFunction]}
  >
    <div
      className="progress-bar progress-bar-default"
      style={
        Object {
          "width": "23%",
        }
      }
    >
      23%
    </div>
  </div>
</div>
`;
